// Jest Snapshot v1, https://goo.gl/fbAQLP

exports[`should render Dashboard correctly 1`] = `
<div
  className="content-container"
>
  <Link
    replace={false}
    to="/create"
  >
    Add Blog
  </Link>
  <Connect(BlogFilters) />
  <Connect(BlogList) />
</div>
`;
